---
source: src/ui/draw_blocks/chart_cpu_mem.rs
expression: setup.terminal.backend()
---
"╭───────────── cpu 03.00% ─────────────╮╭────────── memory 30.00 kB ───────────╮"
"│10.00%│     •                         ││100.00 kB│    •                       │"
"│      │    ••                         ││         │   ••                       │"
"│      │   • •                         ││         │   ••                       │"
"│      │   • •                         ││         │  • •                       │"
"│      │  •  •                         ││         │ ••  •                      │"
"│      │ •   ••                        ││         │ •   •                      │"
"│      │••   ••                        ││         │•    •                      │"
"│      │                               ││         │                            │"
"╰──────────────────────────────────────╯╰──────────────────────────────────────╯"
