---
source: src/ui/draw_blocks/help.rs
expression: setup.terminal.backend()
---
" ╭ 0.00.000 ────────────────────────────────────────────────────────────────────────────────────────────────────────╮ "
" │                          88                                                                                      │ "
" │                          88                                                                                      │ "
" │  ,adPPYba,  8b,     ,d8  88   ,d8   ,adPPYba,  8b,dPPYba                                                         │ "
" │ a8"     "8a  `Y8, ,8P'   88 ,a8"   a8P_____88  88P'   "Y   config location: /home/user/.config/oxker/config.toml │ "
" │ 8b       d8    )888(     8888(     8PP"""""""  88          export location:                            /test_dir │ "
" │ "8a,   ,a8"  ,d8" "8b,   88`"Yba,  "8b,   ,aa  88            logs timezone:                              Etc/UTC │ "
" │                                                                                                                  │ "
" │                                                      Keymap                                                      │ "
" │                n   quit                       a     close dialog                                                 │ "
" │                p s scroll vertically          i j   scroll horizontally                                          │ "
" │                r   scroll to start            q     scroll to end                                                │ "
" │                Alt increase scroll speed      Enter send docker command                                          │ "
" │                d   exec into a container      e     container inspect mode                                       │ "
" │                f   filter mode                g     log search mode                                              │ "
" │                5   toggle this panel          h     force clear screen and redraw                                │ "
" │                k l change log section height  m     toggle of section visibility                                 │ "
" │                z   sort by name               1     sort by state                                                │ "
" │                2   sort by status             v     sort by CPU                                                  │ "
" │                y   sort by memory             w     sort by ID                                                   │ "
" │                x   sort by Image              0     sort by RX                                                   │ "
" │                3   sort by TX                 4     stop sort                                                    │ "
" │                t u change panel               6     toggle mouse capture - allows text selection                 │ "
" │                o   save logs to file                                                                             │ "
" ╰──────────────────────────────────────────────────────────────────────────────────────────────────────────────────╯ "
