---
source: src/ui/draw_blocks/help.rs
expression: setup.terminal.backend()
---
"                                                                                       "
"                                                                                       "
"                                                                                       "
"                                                                                       "
"                                                                                       "
"                                                                                       "
"                                                                                       "
"                                                                                       "
"╭ 0.00.000 ───────────────────────────────────────────────────────────────────────────╮"
"│                          88                                                         │"
"│                          88                                                         │"
"│  ,adPPYba,  8b,     ,d8  88   ,d8   ,adPPY                                          │"
"│ a8"     "8a  `Y8, ,8P'   88 ,a8"   a8P____                                          │"
"│ 8b       d8    )888(     8888(     8PP""""                                          │"
"│ "8a,   ,a8"  ,d8" "8b,   88`"Yba,  "8b,                                             │"
"│  `"YbbdP"'  8P'     `Y8  88   `Y8a  `"Ybbd                                          │"
"│                                           a work in progress, all and any input app │"
"│ A simple tui to view & control docker cont  https://github.com/mrjackwills/oxker    │"
"│                                                                                     │"
"│                                       Keymap                                        │"
"│ q                    quit   c Esc      close dialog                                 │"
"│ Down Up j k Home End scrol  Left Right scroll horizontally                          │"
"│ Control              incre  Enter      send docker command                          │"
"│ e                    exec   i          container inspect mode                       │"
"│ / F1                 filte  #          log search mode                              │"
"│ h                    toggl  f          force clear screen and redraw                │"
"│ - =                  chang  \          toggle of section visibility                 │"
"│ 1 ~ 9                sort   0          stop sort                                    │"
"│ Tab Back Tab         chang  m          toggle mouse capture - allows text selection │"
"│ s                    save                                                           │"
"╰─────────────────────────────────────────────────────────────────────────────────────╯"
"                                                                                       "
"                                                                                       "
"                                                                                       "
"                                                                                       "
"                                                                                       "
"                                                                                       "
"                                                                                       "
"                                                                                       "
