---
source: src/ui/draw_blocks/help.rs
expression: setup.terminal.backend()
---
"                                                                                                                            "
"    ╭ 0.00.000 ────────────────────────────────────────────────────────────────────────────────────────────────────────╮    "
"    │                          88                                                                                      │    "
"    │                          88                                                                                      │    "
"    │  ,adPPYba,  8b,     ,d8  88   ,d8   ,adPPYba,  8b,dPPYba                                                         │    "
"    │ a8"     "8a  `Y8, ,8P'   88 ,a8"   a8P_____88  88P'   "Y   config location: /home/user/.config/oxker/config.toml │    "
"    │ 8b       d8    )888(     8888(     8PP"""""""  88          export location:                            /test_dir │    "
"    │ "8a,   ,a8"  ,d8" "8b,   88`"Yba,  "8b,   ,aa  88            logs timezone:                              Etc/UTC │    "
"    │  `"YbbdP"'  8P'     `Y8  88   `Y8a  `"Ybbd8"'  88                                                                │    "
"    │                                                         a work in progress, all and any input appreciated        │    "
"    │     A simple tui to view & control docker containers              https://github.com/mrjackwills/oxker           │    "
"    │                                                                                                                  │    "
"    │                                                      Keymap                                                      │    "
"    │  0                       quit                       a b           close dialog                                   │    "
"    │  4 Caps Lock Scroll Lock scroll vertically          q s r         scroll horizontally                            │    "
"    │  8                       scroll to start            6 7           scroll to end                                  │    "
"    │  Alt                     increase scroll speed      Enter         send docker command                            │    "
"    │  g                       exec into a container      i j           container inspect mode                         │    "
"    │  k                       filter mode                m n           log search mode                                │    "
"    │  F5 F6                   toggle this panel          o             force clear screen and redraw                  │    "
"    │  u w v                   change log section height  y z           toggle of section visibility                   │    "
"    │  Begin Menu              sort by name               Page Up Pause sort by state                                  │    "
"    │  Print Screen            sort by status             Down          sort by CPU                                    │    "
"    │  Home                    sort by memory             Back Tab      sort by ID                                     │    "
"    │  End Esc                 sort by Image              Num Lock      sort by RX                                     │    "
"    │  F1 F2                   sort by TX                 F3            stop sort                                      │    "
"    │  Print Screen Left Up    change panel               F7            toggle mouse capture - allows text selection   │    "
"    │  2 3                     save logs to file                                                                       │    "
"    ╰──────────────────────────────────────────────────────────────────────────────────────────────────────────────────╯    "
"                                                                                                                            "
